{
    "-profile test": {
        "content": [
            41,
            [
                "demux",
                "demux/demux_round1",
                "demux/demux_round1/demuxed",
                "demux/demux_round1/demuxed/f_notthere_R1.fastq.gz",
                "demux/demux_round1/demuxed/f_notthere_R2.fastq.gz",
                "demux/demux_round1/demuxed/f_sample1A_R1.fastq.gz",
                "demux/demux_round1/demuxed/f_sample1A_R2.fastq.gz",
                "demux/demux_round1/demuxed/f_sample1B_R1.fastq.gz",
                "demux/demux_round1/demuxed/f_sample1B_R2.fastq.gz",
                "demux/demux_round1/demuxed/f_sample2A_R1.fastq.gz",
                "demux/demux_round1/demuxed/f_sample2A_R2.fastq.gz",
                "demux/demux_round1/demuxed/f_sample2B_R1.fastq.gz",
                "demux/demux_round1/demuxed/f_sample2B_R2.fastq.gz",
                "demux/demux_round1/demuxed/f_sample3A_R1.fastq.gz",
                "demux/demux_round1/demuxed/f_sample3A_R2.fastq.gz",
                "demux/demux_round1/demuxed/f_sample3B_R1.fastq.gz",
                "demux/demux_round1/demuxed/f_sample3B_R2.fastq.gz",
                "demux/demux_round1/demuxed/f_sample3C_R1.fastq.gz",
                "demux/demux_round1/demuxed/f_sample3C_R2.fastq.gz",
                "demux/demux_round1/orphans_R1.fastq.gz",
                "demux/demux_round1/orphans_R2.fastq.gz",
                "demux/demux_round2",
                "demux/demux_round2/demuxed_rc",
                "demux/demux_round2/demuxed_rc/rc_notthere_R1.fastq.gz",
                "demux/demux_round2/demuxed_rc/rc_notthere_R2.fastq.gz",
                "demux/demux_round2/demuxed_rc/rc_sample1A_R1.fastq.gz",
                "demux/demux_round2/demuxed_rc/rc_sample1A_R2.fastq.gz",
                "demux/demux_round2/demuxed_rc/rc_sample1B_R1.fastq.gz",
                "demux/demux_round2/demuxed_rc/rc_sample1B_R2.fastq.gz",
                "demux/demux_round2/demuxed_rc/rc_sample2A_R1.fastq.gz",
                "demux/demux_round2/demuxed_rc/rc_sample2A_R2.fastq.gz",
                "demux/demux_round2/demuxed_rc/rc_sample2B_R1.fastq.gz",
                "demux/demux_round2/demuxed_rc/rc_sample2B_R2.fastq.gz",
                "demux/demux_round2/demuxed_rc/rc_sample3A_R1.fastq.gz",
                "demux/demux_round2/demuxed_rc/rc_sample3A_R2.fastq.gz",
                "demux/demux_round2/demuxed_rc/rc_sample3B_R1.fastq.gz",
                "demux/demux_round2/demuxed_rc/rc_sample3B_R2.fastq.gz",
                "demux/demux_round2/demuxed_rc/rc_sample3C_R1.fastq.gz",
                "demux/demux_round2/demuxed_rc/rc_sample3C_R2.fastq.gz",
                "demux/demux_round2/rc_orphans_R1.fastq.gz",
                "demux/demux_round2/rc_orphans_R2.fastq.gz",
                "demux/fastqc_reports",
                "demux/fastqc_reports/test_test_R1_001.fastq_1_fastqc.html",
                "demux/fastqc_reports/test_test_R1_001.fastq_1_fastqc.zip",
                "demux/fastqc_reports/test_test_R1_001.fastq_2_fastqc.html",
                "demux/fastqc_reports/test_test_R1_001.fastq_2_fastqc.zip",
                "demux/merged",
                "demux/merged/notthere_R1.fastq.gz",
                "demux/merged/notthere_R2.fastq.gz",
                "demux/merged/orphans_R1.fastq.gz",
                "demux/merged/orphans_R2.fastq.gz",
                "demux/merged/sample1A_R1.fastq.gz",
                "demux/merged/sample1A_R2.fastq.gz",
                "demux/merged/sample1B_R1.fastq.gz",
                "demux/merged/sample1B_R2.fastq.gz",
                "demux/merged/sample2A_R1.fastq.gz",
                "demux/merged/sample2A_R2.fastq.gz",
                "demux/merged/sample2B_R1.fastq.gz",
                "demux/merged/sample2B_R2.fastq.gz",
                "demux/merged/sample3A_R1.fastq.gz",
                "demux/merged/sample3A_R2.fastq.gz",
                "demux/merged/sample3B_R1.fastq.gz",
                "demux/merged/sample3B_R2.fastq.gz",
                "demux/merged/sample3C_R1.fastq.gz",
                "demux/merged/sample3C_R2.fastq.gz",
                "demux/multiqc",
                "demux/multiqc/multiqc_data",
                "demux/multiqc/multiqc_data/fastqc-status-check-heatmap.txt",
                "demux/multiqc/multiqc_data/fastqc_adapter_content_plot.txt",
                "demux/multiqc/multiqc_data/fastqc_overrepresented_sequences_plot.txt",
                "demux/multiqc/multiqc_data/fastqc_per_base_n_content_plot.txt",
                "demux/multiqc/multiqc_data/fastqc_per_base_sequence_quality_plot.txt",
                "demux/multiqc/multiqc_data/fastqc_per_sequence_gc_content_plot_Counts.txt",
                "demux/multiqc/multiqc_data/fastqc_per_sequence_gc_content_plot_Percentages.txt",
                "demux/multiqc/multiqc_data/fastqc_per_sequence_quality_scores_plot.txt",
                "demux/multiqc/multiqc_data/fastqc_sequence_counts_plot.txt",
                "demux/multiqc/multiqc_data/fastqc_sequence_duplication_levels_plot.txt",
                "demux/multiqc/multiqc_data/fastqc_top_overrepresented_sequences_table.txt",
                "demux/multiqc/multiqc_data/llms-full.txt",
                "demux/multiqc/multiqc_data/multiqc.log",
                "demux/multiqc/multiqc_data/multiqc.parquet",
                "demux/multiqc/multiqc_data/multiqc_citations.txt",
                "demux/multiqc/multiqc_data/multiqc_data.json",
                "demux/multiqc/multiqc_data/multiqc_fastqc.txt",
                "demux/multiqc/multiqc_data/multiqc_general_stats.txt",
                "demux/multiqc/multiqc_data/multiqc_seqkit_stats.txt",
                "demux/multiqc/multiqc_data/multiqc_software_versions.txt",
                "demux/multiqc/multiqc_data/multiqc_sources.txt",
                "demux/multiqc/multiqc_data/seqkit-stats-seqcounts-plot.txt",
                "demux/multiqc/multiqc_data/seqkit-stats-table.txt",
                "demux/multiqc/multiqc_report.html",
                "demux/noprimers",
                "demux/noprimers/notthere.noprimers.cutadapt.log",
                "demux/noprimers/notthere.noprimers_1.trim.fastq.gz",
                "demux/noprimers/notthere.noprimers_2.trim.fastq.gz",
                "demux/noprimers/orphans.noprimers.cutadapt.log",
                "demux/noprimers/orphans.noprimers_1.trim.fastq.gz",
                "demux/noprimers/orphans.noprimers_2.trim.fastq.gz",
                "demux/noprimers/sample1A.noprimers.cutadapt.log",
                "demux/noprimers/sample1A.noprimers_1.trim.fastq.gz",
                "demux/noprimers/sample1A.noprimers_2.trim.fastq.gz",
                "demux/noprimers/sample1B.noprimers.cutadapt.log",
                "demux/noprimers/sample1B.noprimers_1.trim.fastq.gz",
                "demux/noprimers/sample1B.noprimers_2.trim.fastq.gz",
                "demux/noprimers/sample2A.noprimers.cutadapt.log",
                "demux/noprimers/sample2A.noprimers_1.trim.fastq.gz",
                "demux/noprimers/sample2A.noprimers_2.trim.fastq.gz",
                "demux/noprimers/sample2B.noprimers.cutadapt.log",
                "demux/noprimers/sample2B.noprimers_1.trim.fastq.gz",
                "demux/noprimers/sample2B.noprimers_2.trim.fastq.gz",
                "demux/noprimers/sample3A.noprimers.cutadapt.log",
                "demux/noprimers/sample3A.noprimers_1.trim.fastq.gz",
                "demux/noprimers/sample3A.noprimers_2.trim.fastq.gz",
                "demux/noprimers/sample3B.noprimers.cutadapt.log",
                "demux/noprimers/sample3B.noprimers_1.trim.fastq.gz",
                "demux/noprimers/sample3B.noprimers_2.trim.fastq.gz",
                "demux/noprimers/sample3C.noprimers.cutadapt.log",
                "demux/noprimers/sample3C.noprimers_1.trim.fastq.gz",
                "demux/noprimers/sample3C.noprimers_2.trim.fastq.gz",
                "demux/seqkit_final",
                "demux/seqkit_final/notthere.noprimers.tsv",
                "demux/seqkit_final/orphans.noprimers.tsv",
                "demux/seqkit_final/sample1A.noprimers.tsv",
                "demux/seqkit_final/sample1B.noprimers.tsv",
                "demux/seqkit_final/sample2A.noprimers.tsv",
                "demux/seqkit_final/sample2B.noprimers.tsv",
                "demux/seqkit_final/sample3A.noprimers.tsv",
                "demux/seqkit_final/sample3B.noprimers.tsv",
                "demux/seqkit_final/sample3C.noprimers.tsv",
                "demux/seqkit_merged",
                "demux/seqkit_merged/notthere.merged.tsv",
                "demux/seqkit_merged/orphans.merged.tsv",
                "demux/seqkit_merged/sample1A.merged.tsv",
                "demux/seqkit_merged/sample1B.merged.tsv",
                "demux/seqkit_merged/sample2A.merged.tsv",
                "demux/seqkit_merged/sample2B.merged.tsv",
                "demux/seqkit_merged/sample3A.merged.tsv",
                "demux/seqkit_merged/sample3B.merged.tsv",
                "demux/seqkit_merged/sample3C.merged.tsv",
                "test_manifest.tsv",
                "test_missing_or_empty.tsv"
            ],
            [
                "f_notthere_R1.fastq.gz:md5,d41d8cd98f00b204e9800998ecf8427e",
                "f_notthere_R2.fastq.gz:md5,d41d8cd98f00b204e9800998ecf8427e",
                "f_sample1A_R1.fastq.gz:md5,cbbd36b5729243c25d2e1231acf1c09c",
                "f_sample1A_R2.fastq.gz:md5,ec612dc03383b4e84c08eb5eda3643c9",
                "f_sample1B_R1.fastq.gz:md5,fb9ea761ace91f9fa6c13cd8299d5778",
                "f_sample1B_R2.fastq.gz:md5,c8b7682b62207821ba70ff7db6f2caf1",
                "f_sample2A_R1.fastq.gz:md5,bc207a6dab4a9fb63fe98dc8c901c4ae",
                "f_sample2A_R2.fastq.gz:md5,96799c859b2ccde6b7e41c7001319f30",
                "f_sample2B_R1.fastq.gz:md5,2c88fd9c21d8f2dc9905c68a0c46c434",
                "f_sample2B_R2.fastq.gz:md5,8d6599e43cc53f8f90d519bebe08f63f",
                "f_sample3A_R1.fastq.gz:md5,4d5c524680875ec3b581c3a93db5c120",
                "f_sample3A_R2.fastq.gz:md5,83aaa77f204a8bfde48fcc1ac68f3c20",
                "f_sample3B_R1.fastq.gz:md5,a8a660e1bf0def8d7133e32f88264d48",
                "f_sample3B_R2.fastq.gz:md5,06c90fd1b46c5aa54ac8ff43071444b1",
                "f_sample3C_R1.fastq.gz:md5,426df0b6817152e4be9f3b04cfe7f58a",
                "f_sample3C_R2.fastq.gz:md5,56867fa6dac79bc876dfd2ced4caf24d",
                "orphans_R1.fastq.gz:md5,bbba733e78d5b1910f9ba44aa367abd9",
                "orphans_R2.fastq.gz:md5,da894c74cd1c16e8e1b571a95d952143",
                "rc_notthere_R1.fastq.gz:md5,d41d8cd98f00b204e9800998ecf8427e",
                "rc_notthere_R2.fastq.gz:md5,d41d8cd98f00b204e9800998ecf8427e",
                "rc_sample1A_R1.fastq.gz:md5,a6694eef279a10f251b79ae857ac71bb",
                "rc_sample1A_R2.fastq.gz:md5,9c30b338304ae72d517e8165ef46031c",
                "rc_sample1B_R1.fastq.gz:md5,4871a819e842753374fa09840d33c764",
                "rc_sample1B_R2.fastq.gz:md5,c06d28375340233cdc10462ab0877a84",
                "rc_sample2A_R1.fastq.gz:md5,c62e518b7426ceb50b4d37a5fc7489bd",
                "rc_sample2A_R2.fastq.gz:md5,8122198b93be90c43dc1c25c5a5a6939",
                "rc_sample2B_R1.fastq.gz:md5,0b0cb9361fa971346028afedb04b69f8",
                "rc_sample2B_R2.fastq.gz:md5,de3da18a07dbc5ce32a345a0c61001f4",
                "rc_sample3A_R1.fastq.gz:md5,b8766f17d31dbcbc7de6d68468dfb11a",
                "rc_sample3A_R2.fastq.gz:md5,e2ffac43e9ca71a285b2247c3e39da4e",
                "rc_sample3B_R1.fastq.gz:md5,2590301c3bf6b8669a74f1f65b4c1d48",
                "rc_sample3B_R2.fastq.gz:md5,99d6c90017c38a0f9890d74273c1d4a9",
                "rc_sample3C_R1.fastq.gz:md5,776fffa8e912ee214bf98ff5f986ff08",
                "rc_sample3C_R2.fastq.gz:md5,ea6008bef3f5eeb1bb7dbf92d917b1c2",
                "rc_orphans_R1.fastq.gz:md5,e00e8c9c07be71115387317efb8a2512",
                "rc_orphans_R2.fastq.gz:md5,353e94cbf212f5b198c3cf9e89b22622",
                "test_test_R1_001.fastq_1_fastqc.html:md5,e85795b0599eac5d7e78dff2a24639b2",
                "test_test_R1_001.fastq_1_fastqc.zip:md5,34e733c2608ce0092907b4430cb76618",
                "test_test_R1_001.fastq_2_fastqc.html:md5,1dd4cff160c28d237c4c0be0b89fc236",
                "test_test_R1_001.fastq_2_fastqc.zip:md5,9ba7c1bc608bab88d3f88dd08209a6d4",
                "notthere_R1.fastq.gz:md5,d41d8cd98f00b204e9800998ecf8427e",
                "notthere_R2.fastq.gz:md5,d41d8cd98f00b204e9800998ecf8427e",
                "orphans_R1.fastq.gz:md5,e00e8c9c07be71115387317efb8a2512",
                "orphans_R2.fastq.gz:md5,353e94cbf212f5b198c3cf9e89b22622",
                "sample1A_R1.fastq.gz:md5,b0e51e3b7980e96c40b7e1f2f26be5d9",
                "sample1A_R2.fastq.gz:md5,6c3dc3b7fe1e65c7a8e6438012cf5e2c",
                "sample1B_R1.fastq.gz:md5,768a04d5a1a0eb1c180d992a993cbf88",
                "sample1B_R2.fastq.gz:md5,0b2411a1b45d5a89bbd11b492be12230",
                "sample2A_R1.fastq.gz:md5,ebee6c28ffc9b402fc5157f4b3e53a65",
                "sample2A_R2.fastq.gz:md5,bfb2d5a066500ddc9d3ff071672e99d6",
                "sample2B_R1.fastq.gz:md5,99a62d958cb7cb5ce6c196603c3c7c40",
                "sample2B_R2.fastq.gz:md5,fddda9eff42dcd3082198e129b799c68",
                "sample3A_R1.fastq.gz:md5,357b78772ed9e97d8c28fb6916857bfb",
                "sample3A_R2.fastq.gz:md5,9366cf5c845d103df95e3d652aedf3ee",
                "sample3B_R1.fastq.gz:md5,d91f22f3f4d35a04ee7a3142367d087d",
                "sample3B_R2.fastq.gz:md5,b35adb33a0f522f186878975867e28f0",
                "sample3C_R1.fastq.gz:md5,569017d2fc1ad763831a983067680952",
                "sample3C_R2.fastq.gz:md5,4dd8ecfbbed9f79c1021ee6eb00d37b7",
                "fastqc-status-check-heatmap.txt:md5,fb1f693c02a3bb87c3b333b5ae1ef4ae",
                "fastqc_adapter_content_plot.txt:md5,629a8f77436826505733af64cba3ef4a",
                "fastqc_overrepresented_sequences_plot.txt:md5,c7b6ee3eb981952d3b67b7b0237ceba8",
                "fastqc_per_base_n_content_plot.txt:md5,ab535a255d25220ca3c292ceddbe07de",
                "fastqc_per_base_sequence_quality_plot.txt:md5,06721fac200c498a7c667ab5762b3fc5",
                "fastqc_per_sequence_gc_content_plot_Counts.txt:md5,7ec3c273ce0b85c5b496137f91c4adb3",
                "fastqc_per_sequence_gc_content_plot_Percentages.txt:md5,dfa0ef0ab67063431b79f3705a29e277",
                "fastqc_per_sequence_quality_scores_plot.txt:md5,ae0bfe64bb51164963ada61b5241fc19",
                "fastqc_sequence_counts_plot.txt:md5,0787115b63f661ca80eb77777800562f",
                "fastqc_sequence_duplication_levels_plot.txt:md5,fa48a5de3772a92b592952e7c1b9839c",
                "fastqc_top_overrepresented_sequences_table.txt:md5,30bcae1d913aa712e8d33f2df5a1c9a0",
                "llms-full.txt:md5,6ab31e46d22b5d98be8caf939714feb9",
                "multiqc.log:md5,4aef7d1694d66cc2a766b71cf4bf22be",
                "multiqc.parquet:md5,ebc38fae3a23cd1791b569ad71fc23b6",
                "multiqc_citations.txt:md5,c94ed9029091505edb952645737b035b",
                "multiqc_data.json:md5,967b57292f679314253bbcc02470b8a6",
                "multiqc_fastqc.txt:md5,760f429ffe32aa9963d33adfcef612bc",
                "multiqc_general_stats.txt:md5,3ce77e2f7a1c6c8db6874af0e9cc8a74",
                "multiqc_seqkit_stats.txt:md5,83341e5891be8153bf5d44eae8ac225a",
                "multiqc_software_versions.txt:md5,7c19481c7122735fcc97d6d08684c8f2",
                "multiqc_sources.txt:md5,b9d8b22a19da5a5b01f9540ac28a5d82",
                "seqkit-stats-seqcounts-plot.txt:md5,12a3576c71dab330b59e7a9e30e1068a",
                "seqkit-stats-table.txt:md5,f5b206ca27b57ec2864fe26691e9876b",
                "multiqc_report.html:md5,daaa37483694a977b671d91049121523",
                "notthere.noprimers.cutadapt.log:md5,383e14e88181629c8828f7b8841e2d48",
                "notthere.noprimers_1.trim.fastq.gz:md5,d41d8cd98f00b204e9800998ecf8427e",
                "notthere.noprimers_2.trim.fastq.gz:md5,d41d8cd98f00b204e9800998ecf8427e",
                "orphans.noprimers.cutadapt.log:md5,2dd89145fd892b8cedb84619bf8e2810",
                "orphans.noprimers_1.trim.fastq.gz:md5,797319ab7f019b746c36bfa57342c4d6",
                "orphans.noprimers_2.trim.fastq.gz:md5,299d09f5cf270498ed6b30995796a3b2",
                "sample1A.noprimers.cutadapt.log:md5,71962d9a0b36ac23913a2cb28c6673df",
                "sample1A.noprimers_1.trim.fastq.gz:md5,6885bb6a64fe63e794d3ca73ab5d678d",
                "sample1A.noprimers_2.trim.fastq.gz:md5,ea28de214091974ed48aa4d95660763c",
                "sample1B.noprimers.cutadapt.log:md5,adaa7c0a5ba08c2d26ccf6fb0ce0d425",
                "sample1B.noprimers_1.trim.fastq.gz:md5,d72712a7a03b71d285d01cfd6cb9314b",
                "sample1B.noprimers_2.trim.fastq.gz:md5,5a9fc5e49d31cfdacbe0041756cdebb1",
                "sample2A.noprimers.cutadapt.log:md5,1e0ed4922a48ee2b23696d6c7a34a605",
                "sample2A.noprimers_1.trim.fastq.gz:md5,e0828a097f8aec8a5c3c834989d1454f",
                "sample2A.noprimers_2.trim.fastq.gz:md5,60096a3a16bd7b6df5782c63b6c29810",
                "sample2B.noprimers.cutadapt.log:md5,dfba62b862be20580f79b5d989b831af",
                "sample2B.noprimers_1.trim.fastq.gz:md5,e0ac5a1dbdccf378b7090de74888ee7b",
                "sample2B.noprimers_2.trim.fastq.gz:md5,511db19e37497ebd37a7e510f9cf7629",
                "sample3A.noprimers.cutadapt.log:md5,336d134bf838c0b961cdb300bb88396c",
                "sample3A.noprimers_1.trim.fastq.gz:md5,703d36d0fe5ed68bd20ad70e73db5b0f",
                "sample3A.noprimers_2.trim.fastq.gz:md5,2e32350372415122b636cbd78ddb2904",
                "sample3B.noprimers.cutadapt.log:md5,43c10f19a6e55839ec0c1d7535a4f050",
                "sample3B.noprimers_1.trim.fastq.gz:md5,1af16985151fc47751d3078ae857d30d",
                "sample3B.noprimers_2.trim.fastq.gz:md5,072ecec880586ff0deb393b79ee98b78",
                "sample3C.noprimers.cutadapt.log:md5,551a266dbf1945bbc08766d205168800",
                "sample3C.noprimers_1.trim.fastq.gz:md5,6139147b01bd7549fabd28cebfb2ab39",
                "sample3C.noprimers_2.trim.fastq.gz:md5,4584c0dbb55c038997c9ebf90c4c561a",
                "notthere.noprimers.tsv:md5,b2c92b53acd88c942c467418658d5341",
                "orphans.noprimers.tsv:md5,b8a849e48f1ecdee5a8d3d72a4086233",
                "sample1A.noprimers.tsv:md5,a22a269a527693ddc142cdebfea46922",
                "sample1B.noprimers.tsv:md5,fe04557582dd1a03f7132d66154ec496",
                "sample2A.noprimers.tsv:md5,0915c1ee6f6df06bb1bd0a562b90fea6",
                "sample2B.noprimers.tsv:md5,0ef48ccc5d4df6902d34728ec5a4dbe7",
                "sample3A.noprimers.tsv:md5,f0ee9db06a320785d5964bce02df88b4",
                "sample3B.noprimers.tsv:md5,c00ce16b8b37c5cb7460805d363cbc62",
                "sample3C.noprimers.tsv:md5,7fad278e7f26e6061a3184cf250969ad",
                "notthere.merged.tsv:md5,158bd8f22d996af57454b34548b1b15f",
                "orphans.merged.tsv:md5,7805d501997282614aac24ed33d048a1",
                "sample1A.merged.tsv:md5,2c672b728942a5953cf846fd903949d4",
                "sample1B.merged.tsv:md5,6fcd66836612a0f7ef9bc3547585c0db",
                "sample2A.merged.tsv:md5,1380f045612f637fa083690305ccaa17",
                "sample2B.merged.tsv:md5,be931f153fd4843e530278ebb38df799",
                "sample3A.merged.tsv:md5,bd7b2ddbf1fcb24ad4a35a8b88cf53b5",
                "sample3B.merged.tsv:md5,fb916da93215ed4ae207afd9caa69ac5",
                "sample3C.merged.tsv:md5,d5533bd10636e5e0b431a46175dd3403",
                "test_manifest.tsv:md5,409d7ffc1b1faee0402288711ef1b525",
                "test_missing_or_empty.tsv:md5,f63944df22028eefa65e3ea59243efdf"
            ]
        ],
        "timestamp": "2026-06-23T17:14:33.352467",
        "meta": {
            "nf-test": "0.9.5",
            "nextflow": "26.04.1"
        }
    }
}