{
    "-profile test": {
        "content": [
            28,
            {
                "FASTQC": {
                    "fastqc": "0.12.1"
                },
                "MAKE_MANIFEST": {
                    "make_manifest": 1.0
                },
                "SEQKIT_STATS": {
                    "seqkit": "2.9.0"
                },
                "Workflow": {
                    "mskcc-microbiome/mskccdemux": "v0.0.1"
                }
            },
            [
                "adi",
                "adi/demultiplex_r1",
                "adi/demultiplex_r1/seqs.fastq",
                "adi/demultiplex_r1/seqs.fna",
                "adi/demultiplex_r2",
                "adi/demultiplex_r2/seqs.fastq",
                "adi/demultiplex_r2/seqs.fna",
                "demux",
                "demux/Unassigned_R1.fastq.gz",
                "demux/Unassigned_R2.fastq.gz",
                "demux/demultiplex_Unassigned_r1.log",
                "demux/demultiplex_Unassigned_r2.log",
                "demux/demultiplex_mypoolsample0_r1.log",
                "demux/demultiplex_mypoolsample0_r2.log",
                "demux/demultiplex_mypoolsample1_r1.log",
                "demux/demultiplex_mypoolsample1_r2.log",
                "demux/demultiplex_mypoolsample2_r1.log",
                "demux/demultiplex_mypoolsample2_r2.log",
                "demux/demultiplex_mypoolsample3_r1.log",
                "demux/demultiplex_mypoolsample3_r2.log",
                "demux/demultiplex_mypoolsample4_r1.log",
                "demux/demultiplex_mypoolsample4_r2.log",
                "demux/demultiplex_mypoolsample5_r1.log",
                "demux/demultiplex_mypoolsample5_r2.log",
                "demux/demultiplex_mypoolsample6_r1.log",
                "demux/demultiplex_mypoolsample6_r2.log",
                "demux/demultiplex_mypoolsample7_r1.log",
                "demux/demultiplex_mypoolsample7_r2.log",
                "demux/mypoolsample0_R1.fastq.gz",
                "demux/mypoolsample0_R2.fastq.gz",
                "demux/mypoolsample1_R1.fastq.gz",
                "demux/mypoolsample1_R2.fastq.gz",
                "demux/mypoolsample2_R1.fastq.gz",
                "demux/mypoolsample2_R2.fastq.gz",
                "demux/mypoolsample3_R1.fastq.gz",
                "demux/mypoolsample3_R2.fastq.gz",
                "demux/mypoolsample4_R1.fastq.gz",
                "demux/mypoolsample4_R2.fastq.gz",
                "demux/mypoolsample5_R1.fastq.gz",
                "demux/mypoolsample5_R2.fastq.gz",
                "demux/mypoolsample6_R1.fastq.gz",
                "demux/mypoolsample6_R2.fastq.gz",
                "demux/mypoolsample7_R1.fastq_empty",
                "demux/mypoolsample7_R2.fastq_empty",
                "fastqc",
                "fastqc/mypool_fastqc.html",
                "fastqc/mypool_fastqc.zip",
                "guess",
                "guess/encoding.txt",
                "make",
                "make/manifest.tsv",
                "make/missing.tsv",
                "multiqc",
                "multiqc/multiqc_data",
                "multiqc/multiqc_data/fastqc-status-check-heatmap.txt",
                "multiqc/multiqc_data/fastqc_adapter_content_plot.txt",
                "multiqc/multiqc_data/fastqc_overrepresented_sequences_plot.txt",
                "multiqc/multiqc_data/fastqc_per_base_n_content_plot.txt",
                "multiqc/multiqc_data/fastqc_per_base_sequence_quality_plot.txt",
                "multiqc/multiqc_data/fastqc_per_sequence_gc_content_plot_Counts.txt",
                "multiqc/multiqc_data/fastqc_per_sequence_gc_content_plot_Percentages.txt",
                "multiqc/multiqc_data/fastqc_per_sequence_quality_scores_plot.txt",
                "multiqc/multiqc_data/fastqc_sequence_counts_plot.txt",
                "multiqc/multiqc_data/fastqc_sequence_duplication_levels_plot.txt",
                "multiqc/multiqc_data/fastqc_top_overrepresented_sequences_table.txt",
                "multiqc/multiqc_data/llms-full.txt",
                "multiqc/multiqc_data/multiqc.log",
                "multiqc/multiqc_data/multiqc.parquet",
                "multiqc/multiqc_data/multiqc_citations.txt",
                "multiqc/multiqc_data/multiqc_data.json",
                "multiqc/multiqc_data/multiqc_demultiplex_seqkit_stats.txt",
                "multiqc/multiqc_data/multiqc_fastqc.txt",
                "multiqc/multiqc_data/multiqc_general_stats.txt",
                "multiqc/multiqc_data/multiqc_software_versions.txt",
                "multiqc/multiqc_data/multiqc_sources.txt",
                "multiqc/multiqc_plots",
                "multiqc/multiqc_plots/pdf",
                "multiqc/multiqc_plots/pdf/demultiplex_seqkit_stats.pdf",
                "multiqc/multiqc_plots/pdf/fastqc-status-check-heatmap.pdf",
                "multiqc/multiqc_plots/pdf/fastqc_adapter_content_plot.pdf",
                "multiqc/multiqc_plots/pdf/fastqc_overrepresented_sequences_plot.pdf",
                "multiqc/multiqc_plots/pdf/fastqc_per_base_n_content_plot.pdf",
                "multiqc/multiqc_plots/pdf/fastqc_per_base_sequence_quality_plot.pdf",
                "multiqc/multiqc_plots/pdf/fastqc_per_sequence_gc_content_plot_Counts.pdf",
                "multiqc/multiqc_plots/pdf/fastqc_per_sequence_gc_content_plot_Percentages.pdf",
                "multiqc/multiqc_plots/pdf/fastqc_per_sequence_quality_scores_plot.pdf",
                "multiqc/multiqc_plots/pdf/fastqc_sequence_counts_plot-cnt.pdf",
                "multiqc/multiqc_plots/pdf/fastqc_sequence_counts_plot-pct.pdf",
                "multiqc/multiqc_plots/pdf/fastqc_sequence_duplication_levels_plot.pdf",
                "multiqc/multiqc_plots/pdf/fastqc_top_overrepresented_sequences_table.pdf",
                "multiqc/multiqc_plots/png",
                "multiqc/multiqc_plots/png/demultiplex_seqkit_stats.png",
                "multiqc/multiqc_plots/png/fastqc-status-check-heatmap.png",
                "multiqc/multiqc_plots/png/fastqc_adapter_content_plot.png",
                "multiqc/multiqc_plots/png/fastqc_overrepresented_sequences_plot.png",
                "multiqc/multiqc_plots/png/fastqc_per_base_n_content_plot.png",
                "multiqc/multiqc_plots/png/fastqc_per_base_sequence_quality_plot.png",
                "multiqc/multiqc_plots/png/fastqc_per_sequence_gc_content_plot_Counts.png",
                "multiqc/multiqc_plots/png/fastqc_per_sequence_gc_content_plot_Percentages.png",
                "multiqc/multiqc_plots/png/fastqc_per_sequence_quality_scores_plot.png",
                "multiqc/multiqc_plots/png/fastqc_sequence_counts_plot-cnt.png",
                "multiqc/multiqc_plots/png/fastqc_sequence_counts_plot-pct.png",
                "multiqc/multiqc_plots/png/fastqc_sequence_duplication_levels_plot.png",
                "multiqc/multiqc_plots/png/fastqc_top_overrepresented_sequences_table.png",
                "multiqc/multiqc_plots/svg",
                "multiqc/multiqc_plots/svg/demultiplex_seqkit_stats.svg",
                "multiqc/multiqc_plots/svg/fastqc-status-check-heatmap.svg",
                "multiqc/multiqc_plots/svg/fastqc_adapter_content_plot.svg",
                "multiqc/multiqc_plots/svg/fastqc_overrepresented_sequences_plot.svg",
                "multiqc/multiqc_plots/svg/fastqc_per_base_n_content_plot.svg",
                "multiqc/multiqc_plots/svg/fastqc_per_base_sequence_quality_plot.svg",
                "multiqc/multiqc_plots/svg/fastqc_per_sequence_gc_content_plot_Counts.svg",
                "multiqc/multiqc_plots/svg/fastqc_per_sequence_gc_content_plot_Percentages.svg",
                "multiqc/multiqc_plots/svg/fastqc_per_sequence_quality_scores_plot.svg",
                "multiqc/multiqc_plots/svg/fastqc_sequence_counts_plot-cnt.svg",
                "multiqc/multiqc_plots/svg/fastqc_sequence_counts_plot-pct.svg",
                "multiqc/multiqc_plots/svg/fastqc_sequence_duplication_levels_plot.svg",
                "multiqc/multiqc_plots/svg/fastqc_top_overrepresented_sequences_table.svg",
                "multiqc/multiqc_report.html",
                "mypool.map.1",
                "mypool.map.2",
                "pipeline_info",
                "pipeline_info/nf_core_mskccdemux_software_mqc_versions.yml",
                "remove",
                "remove/barcodes.fastq",
                "remove/primer_removal.log",
                "remove/reads1.fastq",
                "remove/reads2.fastq",
                "rename",
                "rename/demultiplex_seqkit_stats_mqc.out",
                "sampleids",
                "sampleids/Unassigned.sample",
                "sampleids/mypoolsample0.sample",
                "sampleids/mypoolsample1.sample",
                "sampleids/mypoolsample2.sample",
                "sampleids/mypoolsample3.sample",
                "sampleids/mypoolsample4.sample",
                "sampleids/mypoolsample5.sample",
                "sampleids/mypoolsample6.sample",
                "sampleids/mypoolsample7.sample",
                "seqkit",
                "seqkit/mypool.tsv"
            ],
            [
                "seqs.fastq:md5,e0d1de8c7fb5bb6f804a3eadc75a3be6",
                "seqs.fna:md5,31c2a92fcd698446760a93af74ea4c05",
                "seqs.fastq:md5,6d02eb0f2caac86f60e0f9363c825615",
                "seqs.fna:md5,2bb5df89f162d73a083b7fad7dc4c785",
                "Unassigned_R1.fastq.gz:md5,ffc6300ca7007cf76d452986c82f1c3d",
                "Unassigned_R2.fastq.gz:md5,fa95ed4a87954590615dfc3e53ec7a87",
                "demultiplex_Unassigned_r1.log:md5,d41d8cd98f00b204e9800998ecf8427e",
                "demultiplex_Unassigned_r2.log:md5,d41d8cd98f00b204e9800998ecf8427e",
                "demultiplex_mypoolsample0_r1.log:md5,d41d8cd98f00b204e9800998ecf8427e",
                "demultiplex_mypoolsample0_r2.log:md5,d41d8cd98f00b204e9800998ecf8427e",
                "demultiplex_mypoolsample1_r1.log:md5,d41d8cd98f00b204e9800998ecf8427e",
                "demultiplex_mypoolsample1_r2.log:md5,d41d8cd98f00b204e9800998ecf8427e",
                "demultiplex_mypoolsample2_r1.log:md5,d41d8cd98f00b204e9800998ecf8427e",
                "demultiplex_mypoolsample2_r2.log:md5,d41d8cd98f00b204e9800998ecf8427e",
                "demultiplex_mypoolsample3_r1.log:md5,d41d8cd98f00b204e9800998ecf8427e",
                "demultiplex_mypoolsample3_r2.log:md5,d41d8cd98f00b204e9800998ecf8427e",
                "demultiplex_mypoolsample4_r1.log:md5,d41d8cd98f00b204e9800998ecf8427e",
                "demultiplex_mypoolsample4_r2.log:md5,d41d8cd98f00b204e9800998ecf8427e",
                "demultiplex_mypoolsample5_r1.log:md5,d41d8cd98f00b204e9800998ecf8427e",
                "demultiplex_mypoolsample5_r2.log:md5,d41d8cd98f00b204e9800998ecf8427e",
                "demultiplex_mypoolsample6_r1.log:md5,d41d8cd98f00b204e9800998ecf8427e",
                "demultiplex_mypoolsample6_r2.log:md5,d41d8cd98f00b204e9800998ecf8427e",
                "demultiplex_mypoolsample7_r1.log:md5,d41d8cd98f00b204e9800998ecf8427e",
                "demultiplex_mypoolsample7_r2.log:md5,d41d8cd98f00b204e9800998ecf8427e",
                "mypoolsample0_R1.fastq.gz:md5,4aeeb31ad7f7314afe023bf28258f1eb",
                "mypoolsample0_R2.fastq.gz:md5,e34c280803cac16c2b2201c27e149aa9",
                "mypoolsample1_R1.fastq.gz:md5,fa3ee5b5854bc2d769ee144a9ba12517",
                "mypoolsample1_R2.fastq.gz:md5,40620b14763b5e419233454f27a1589e",
                "mypoolsample2_R1.fastq.gz:md5,1d2bffcabb2260683a8593cc688584db",
                "mypoolsample2_R2.fastq.gz:md5,4f467cb6037a8b603276fbf7f8064364",
                "mypoolsample3_R1.fastq.gz:md5,c375e8e7dda8c06592d958352045f8de",
                "mypoolsample3_R2.fastq.gz:md5,3e147abb121a01e88d4ebb60135cdb7f",
                "mypoolsample4_R1.fastq.gz:md5,ead1fefa2dd098d2bd1ad17428412773",
                "mypoolsample4_R2.fastq.gz:md5,ccb516eee29d6bec6945133efebcdeee",
                "mypoolsample5_R1.fastq.gz:md5,d65bb79a78cbd1ee1a4bd31ff873acd0",
                "mypoolsample5_R2.fastq.gz:md5,59391776244b6b55cc3598472b3aebb1",
                "mypoolsample6_R1.fastq.gz:md5,8e805fedea65e02477ae48c536042bf5",
                "mypoolsample6_R2.fastq.gz:md5,b4b1a41d8940832397e1158f513dabce",
                "mypoolsample7_R1.fastq_empty:md5,d41d8cd98f00b204e9800998ecf8427e",
                "mypoolsample7_R2.fastq_empty:md5,d41d8cd98f00b204e9800998ecf8427e",
                "encoding.txt:md5,cc3985cfa3ab52ec57c01e80c0018468",
                "manifest.tsv:md5,6b603eec721fb234ba0bb7a3e2b6f1f1",
                "missing.tsv:md5,68b329da9893e34099c7d8ad5cb9c940",
                "fastqc-status-check-heatmap.txt:md5,9f828c0426a1560c2135baa8cb7cff18",
                "fastqc_adapter_content_plot.txt:md5,fcb718a6363f8c1a85659be55bf056e5",
                "fastqc_overrepresented_sequences_plot.txt:md5,8bf31029eade6ff8e33b4c1503d1a740",
                "fastqc_per_base_n_content_plot.txt:md5,62c6a0c8e73ac9a780467db1356f0f95",
                "fastqc_per_base_sequence_quality_plot.txt:md5,698c8d1c030f8fbae2edef8d6722ca02",
                "fastqc_per_sequence_gc_content_plot_Counts.txt:md5,141872278ecd61fc7a6fbfe5f1b78d20",
                "fastqc_per_sequence_gc_content_plot_Percentages.txt:md5,3ddb3880f43947a46a6a7e5a7012d72c",
                "fastqc_per_sequence_quality_scores_plot.txt:md5,21b8bdd43b5e26f58eef446899c2b1c5",
                "fastqc_sequence_counts_plot.txt:md5,c54f9402a1bb3b67d044579460670631",
                "fastqc_sequence_duplication_levels_plot.txt:md5,6988a952bf93e1476a02538786decabd",
                "llms-full.txt:md5,d768460de2ab828ddf580921fbd8b38b",
                "multiqc.parquet:md5,29ab9251e2b46d1bcfb5a6933d7ad7d4",
                "multiqc_citations.txt:md5,4c806e63a283ec1b7e78cdae3a923d4f",
                "multiqc_demultiplex_seqkit_stats.txt:md5,d338a23b3b9983204d293a04d1b7698d",
                "multiqc_fastqc.txt:md5,06ecec34c2df33bfe0facb973178500b",
                "multiqc_general_stats.txt:md5,1d39a4c018d11e77fbff4d9c4d934187",
                "mypool.map.1:md5,b1cf926095687eac8261f5acd3796c0f",
                "mypool.map.2:md5,0ec2ff69bb01ffe148caacb0f1045692",
                "barcodes.fastq:md5,89dbd016a8bb7e50d7d1e5764fea9b39",
                "primer_removal.log:md5,0701f842b8e5cec59b1d0ccbda5bbda3",
                "reads1.fastq:md5,b1cb14cf9d0dd29062423a1ad38e4fb2",
                "reads2.fastq:md5,024d58fff4a3852dc25bebe41be96cdb",
                "demultiplex_seqkit_stats_mqc.out:md5,f240ed02d1069f619cd09f9118063656",
                "Unassigned.sample:md5,3476bf9c3af766198bfbd4f065a51e69",
                "mypoolsample0.sample:md5,95dbd76e0672a0d52725ed4fcca287c0",
                "mypoolsample1.sample:md5,948dbaf3f8629ac97f611a7957606f7b",
                "mypoolsample2.sample:md5,a5ef193dd481d21ba8d9b1cfdfb636f7",
                "mypoolsample3.sample:md5,6022ec391b75fb749c0a6d663c8aed33",
                "mypoolsample4.sample:md5,55ab649a8209594e5280255e97682eaa",
                "mypoolsample5.sample:md5,4cd9c16781c4f18b2cf31374c777325a",
                "mypoolsample6.sample:md5,3831f513a61e18203a2598f828549c20",
                "mypoolsample7.sample:md5,d3aab081fd5805498c84399235a72707",
                "mypool.tsv:md5,f240ed02d1069f619cd09f9118063656"
            ]
        ],
        "timestamp": "2026-06-15T16:57:06.428518",
        "meta": {
            "nf-test": "0.9.5",
            "nextflow": "26.04.1"
        }
    }
}